2026-07-27 11:49:INFO:mdworks.validcomplex:mdworks 0.25.0
2026-07-27 11:49:INFO:mdworks.validcomplex:pdbfixer 1.12.0
2026-07-27 11:49:INFO:mdworks.validcomplex:openmmforcefields 0.15.1
2026-07-27 11:49:INFO:mdworks.validcomplex:openff-toolkit 0.18.0
2026-07-27 11:49:INFO:mdworks.validcomplex:rdkit 2025.9.5
2026-07-27 11:49:INFO:mdworks.validcomplex:scipy 1.17.0
2026-07-27 11:49:INFO:mdworks.validcomplex:workdir= .
2026-07-27 11:49:INFO:mdworks.validcomplex:prefix= 9S9O-clean_complex
2026-07-27 11:49:INFO:mdworks.validcomplex:ligand residue found A1JMR
2026-07-27 11:49:INFO:mdworks.validcomplex:protein preparation:
2026-07-27 11:49:INFO:mdworks.validcomplex:  deleting: <Residue 199 (A1JMR) of chain 2>
2026-07-27 11:49:INFO:mdworks.validcomplex:  including non-protein: <Residue 198 (ZN) of chain 1>
2026-07-27 11:49:INFO:mdworks.validcomplex:  number of residues: 199
2026-07-27 11:49:INFO:mdworks.validcomplex:checking protein_modeller clashes..
2026-07-27 11:49:INFO:mdworks.validcomplex:clashing atom pairs (distance < 1.5 A): 4
2026-07-27 11:49:INFO:mdworks.validcomplex:  SER  95   CA   & SER  96   HA  : 1.164 A
2026-07-27 11:49:INFO:mdworks.validcomplex:  LYS  120  HA   & LYS  120  HG2 : 1.270 A
2026-07-27 11:49:INFO:mdworks.validcomplex:  HIS  179  HD1  & ZN   401  ZN  : 1.045 A
2026-07-27 11:49:INFO:mdworks.validcomplex:  ARG  209  HG2  & ARG  209  HH11: 1.444 A
2026-07-27 11:49:INFO:mdworks.validcomplex:ligand preparation:
2026-07-27 11:49:INFO:mdworks.validcomplex:  keeping: <Residue 199 (A1JMR) of chain 2>
2026-07-27 11:49:INFO:mdworks.validcomplex:  number of residues: 1
2026-07-27 11:49:INFO:mdworks.validcomplex:ligand fixed with SMILES:
2026-07-27 11:49:INFO:mdworks.validcomplex:  C(C(F)(F)F)n1c2cccc(N[C@H]3[C@H](CN(CC3)C)F)c2cc1C#CCNc1c(cc(cc1)C(=O)NC)OC
2026-07-27 11:49:INFO:mdworks.validcomplex:ligand optimized with MMFF:
2026-07-27 11:49:INFO:mdworks.validcomplex:  positional restraints on 39 atoms with k= 1000.0 kJ/mol/A^2
2026-07-27 11:49:INFO:mdworks.validcomplex:  energy initial: 110.98 kcal/mol
2026-07-27 11:49:INFO:mdworks.validcomplex:  energy final: 74.33 kcal/mol
2026-07-27 11:49:INFO:mdworks.validcomplex:  rmsd from original: 0.498 Å
2026-07-27 11:49:INFO:mdworks.validcomplex:partial charges assigned with am1bcc
2026-07-27 11:55:INFO:mdworks.validcomplex:adding ligand to system..
2026-07-27 11:55:INFO:mdworks.validcomplex:clashing atom pairs (distance < 1.5 A): 4
2026-07-27 11:55:INFO:mdworks.validcomplex:  SER  95   CA   & SER  96   HA  : 1.164 A
2026-07-27 11:55:INFO:mdworks.validcomplex:  LYS  120  HA   & LYS  120  HG2 : 1.270 A
2026-07-27 11:55:INFO:mdworks.validcomplex:  HIS  179  HD1  & ZN   401  ZN  : 1.045 A
2026-07-27 11:55:INFO:mdworks.validcomplex:  ARG  209  HG2  & ARG  209  HH11: 1.444 A
2026-07-27 11:55:INFO:mdworks.validcomplex:system built with:
2026-07-27 11:55:INFO:mdworks.validcomplex:  amber/protein.ff14SB.xml
2026-07-27 11:55:INFO:mdworks.validcomplex:  openff-2.2.1.offxml
2026-07-27 11:55:INFO:mdworks.validcomplex:  implicit/gbn2
2026-07-27 11:55:INFO:mdworks.validcomplex:positional restraints added to the system:
2026-07-27 11:55:INFO:mdworks.validcomplex:  on 1594 heavy atoms
2026-07-27 11:55:INFO:mdworks.validcomplex:  non-protein residue(s): A1JMR
2026-07-27 11:55:INFO:mdworks.validcomplex:  k= 1000.0 kJ/mol/nm**2
2026-07-27 11:55:INFO:mdworks.validcomplex:system saved - 9S9O-clean_complex_system.xml
2026-07-27 11:55:INFO:mdworks.protocol.multistage:mdworks 0.25.0
2026-07-27 11:55:INFO:mdworks.protocol.multistage:openff-toolkit 0.18.0
2026-07-27 11:55:INFO:mdworks.protocol.multistage:OpenMM 8.4.0 platform= CUDA devices= 0
2026-07-27 11:55:INFO:mdworks.protocol.multistage:workdir= .
2026-07-27 11:55:INFO:mdworks.protocol.multistage:prefix= 9S9O-clean_complex
2026-07-27 13:40:INFO:mdworks.validcomplex:mdworks 0.25.0
2026-07-27 13:40:INFO:mdworks.validcomplex:pdbfixer 1.12.0
2026-07-27 13:40:INFO:mdworks.validcomplex:openmmforcefields 0.15.1
2026-07-27 13:40:INFO:mdworks.validcomplex:openff-toolkit 0.18.0
2026-07-27 13:40:INFO:mdworks.validcomplex:rdkit 2025.9.5
2026-07-27 13:40:INFO:mdworks.validcomplex:scipy 1.17.0
2026-07-27 13:40:INFO:mdworks.validcomplex:workdir= .
2026-07-27 13:40:INFO:mdworks.validcomplex:prefix= 9S9O-clean_complex
2026-07-27 13:40:INFO:mdworks.validcomplex:ligand residue found A1JMR
2026-07-27 13:40:INFO:mdworks.validcomplex:protein preparation:
2026-07-27 13:40:INFO:mdworks.validcomplex:  deleting: <Residue 199 (A1JMR) of chain 2>
2026-07-27 13:40:INFO:mdworks.validcomplex:  including non-protein: <Residue 198 (ZN) of chain 1>
2026-07-27 13:40:INFO:mdworks.validcomplex:  number of residues: 199
2026-07-27 13:40:INFO:mdworks.validcomplex:checking protein_modeller clashes..
2026-07-27 13:40:INFO:mdworks.validcomplex:clashing atom pairs (distance < 1.5 A): 4
2026-07-27 13:40:INFO:mdworks.validcomplex:  SER  95   CA   & SER  96   HA  : 1.164 A
2026-07-27 13:40:INFO:mdworks.validcomplex:  LYS  120  HA   & LYS  120  HG2 : 1.270 A
2026-07-27 13:40:INFO:mdworks.validcomplex:  HIS  179  HD1  & ZN   401  ZN  : 1.045 A
2026-07-27 13:40:INFO:mdworks.validcomplex:  ARG  209  HG2  & ARG  209  HH11: 1.444 A
2026-07-27 13:40:INFO:mdworks.validcomplex:ligand preparation:
2026-07-27 13:40:INFO:mdworks.validcomplex:  keeping: <Residue 199 (A1JMR) of chain 2>
2026-07-27 13:40:INFO:mdworks.validcomplex:  number of residues: 1
2026-07-27 13:40:INFO:mdworks.validcomplex:ligand fixed with SMILES:
2026-07-27 13:40:INFO:mdworks.validcomplex:  C(C(F)(F)F)n1c2cccc(N[C@H]3[C@H](CN(CC3)C)F)c2cc1C#CCNc1c(cc(cc1)C(=O)NC)OC
2026-07-27 13:40:INFO:mdworks.validcomplex:ligand optimized with MMFF:
2026-07-27 13:40:INFO:mdworks.validcomplex:  positional restraints on 39 atoms with k= 1000.0 kJ/mol/A^2
2026-07-27 13:40:INFO:mdworks.validcomplex:  energy initial: 110.98 kcal/mol
2026-07-27 13:40:INFO:mdworks.validcomplex:  energy final: 74.33 kcal/mol
2026-07-27 13:40:INFO:mdworks.validcomplex:  rmsd from original: 0.498 Å
2026-07-27 13:40:INFO:mdworks.validcomplex:partial charges assigned by importing 9S9O-clean_complex_ligand.sdf
2026-07-27 13:40:INFO:mdworks.validcomplex:adding ligand to system..
2026-07-27 13:40:INFO:mdworks.validcomplex:clashing atom pairs (distance < 1.5 A): 4
2026-07-27 13:40:INFO:mdworks.validcomplex:  SER  95   CA   & SER  96   HA  : 1.164 A
2026-07-27 13:40:INFO:mdworks.validcomplex:  LYS  120  HA   & LYS  120  HG2 : 1.270 A
2026-07-27 13:40:INFO:mdworks.validcomplex:  HIS  179  HD1  & ZN   401  ZN  : 1.045 A
2026-07-27 13:40:INFO:mdworks.validcomplex:  ARG  209  HG2  & ARG  209  HH11: 1.444 A
2026-07-27 13:40:INFO:mdworks.validcomplex:system built with:
2026-07-27 13:40:INFO:mdworks.validcomplex:  amber/protein.ff14SB.xml
2026-07-27 13:40:INFO:mdworks.validcomplex:  openff-2.2.1.offxml
2026-07-27 13:40:INFO:mdworks.validcomplex:  implicit/gbn2
2026-07-27 13:40:INFO:mdworks.validcomplex:positional restraints added to the system:
2026-07-27 13:40:INFO:mdworks.validcomplex:  on 1594 heavy atoms
2026-07-27 13:40:INFO:mdworks.validcomplex:  non-protein residue(s): A1JMR
2026-07-27 13:40:INFO:mdworks.validcomplex:  k= 1000.0 kJ/mol/nm**2
2026-07-27 13:40:INFO:mdworks.validcomplex:system saved - 9S9O-clean_complex_system.xml
2026-07-27 13:40:INFO:mdworks.protocol.multistage:mdworks 0.25.0
2026-07-27 13:40:INFO:mdworks.protocol.multistage:openff-toolkit 0.18.0
2026-07-27 13:40:INFO:mdworks.protocol.multistage:OpenMM 8.4.0 platform= CUDA devices= 0
2026-07-27 13:40:INFO:mdworks.protocol.multistage:workdir= .
2026-07-27 13:40:INFO:mdworks.protocol.multistage:prefix= 9S9O-clean_complex
2026-07-27 13:40:INFO:mdworks.protocol.multistage:Simulation created Atoms: 3151, Residues: 200, Chains: 3, Constraints: 1556
2026-07-27 13:40:INFO:mdworks.protocol.multistage:Parameters: k
2026-07-27 13:40:INFO:mdworks.protocol.multistage:Force 0: HarmonicBondForce
2026-07-27 13:40:INFO:mdworks.protocol.multistage:Force 1: PeriodicTorsionForce
2026-07-27 13:40:INFO:mdworks.protocol.multistage:Force 2: NonbondedForce
2026-07-27 13:40:INFO:mdworks.protocol.multistage:Force 3: CMMotionRemover
2026-07-27 13:40:INFO:mdworks.protocol.multistage:Force 4: HarmonicAngleForce
2026-07-27 13:40:INFO:mdworks.protocol.multistage:Force 5: CustomGBForce
2026-07-27 13:40:INFO:mdworks.protocol.multistage:Force 6: CustomExternalForce posres (k= 1000.0 KJ/mol/nm^2)
2026-07-27 13:40:INFO:mdworks.protocol.multistage:(0) Energy Minimization (posres= 1000.0 kJ/mol/nm**2)
2026-07-27 13:40:INFO:mdworks.protocol.multistage:(0) Energy Minimization (no positional constraints)
2026-07-27 13:40:INFO:mdworks.protocol.multistage:posres k=    0.0 KJ/mol/nm^2
2026-07-27 13:40:INFO:mdworks.protocol.relax:Restrained energy minimization complete!
2026-08-01 06:42:INFO:mdworks.editor:select residues: {'C': 1} (39 atoms)
2026-08-01 06:42:INFO:mdworks.editor:remove selected
2026-08-01 06:42:INFO:mdworks.editor:write to 9S9O-clean_complex_apo.cif
