2026-07-27 11:49:01,739 INFO:main.py:240:print_splash_screen:PDB2PQR v3.6.1: biomolecular structure conversion software.
2026-07-27 11:49:01,739 INFO:main.py:242:print_splash_screen:Please cite:  Jurrus E, et al.  Improvements to the APBS biomolecular solvation software suite.  Protein Sci 27 112-128 (2018).
2026-07-27 11:49:01,739 INFO:main.py:242:print_splash_screen:Please cite:  Dolinsky TJ, et al.  PDB2PQR: expanding and upgrading automated preparation of biomolecular structures for molecular simulations. Nucleic Acids Res 35 W522-W525 (2007).
2026-07-27 11:49:01,739 INFO:main.py:759:main_driver:Checking and transforming input arguments.
2026-07-27 11:49:01,739 INFO:main.py:763:main_driver:Loading topology files.
2026-07-27 11:49:01,776 INFO:main.py:765:main_driver:Loading molecule: 9S9O-clean_fixed.pdb
2026-07-27 11:49:01,780 INFO:main.py:770:main_driver:Setting up molecule.
2026-07-27 11:49:01,785 WARNING:biomolecule.py:992:create_residue:Unable to find amino or nucleic acid definition for ZN.  Parsing as new residue.
2026-07-27 11:49:01,785 INFO:main.py:408:setup_molecule:Created biomolecule object with 199 residues and 1555 atoms.
2026-07-27 11:49:01,785 INFO:main.py:774:main_driver:Setting termini states for biomolecule chains.
2026-07-27 11:49:01,789 INFO:main.py:604:non_trivial:Loading forcefield.
2026-07-27 11:49:01,793 INFO:main.py:608:non_trivial:Loading hydrogen topology definitions.
2026-07-27 11:49:01,795 WARNING:biomolecule.py:157:num_missing_heavy:Missing atom OXT in residue LYS A 292
2026-07-27 11:49:01,795 WARNING:biomolecule.py:157:num_missing_heavy:Missing atom OXT in residue LYS A 292
2026-07-27 11:49:01,795 INFO:main.py:618:non_trivial:Attempting to repair 1 missing atoms in biomolecule.
2026-07-27 11:49:01,796 WARNING:biomolecule.py:157:num_missing_heavy:Missing atom OXT in residue LYS A 292
2026-07-27 11:49:01,796 INFO:biomolecule.py:1077:repair_heavy:Added atom OXT to residue LYS A 292 at coordinates 111.667, 97.760, -13.086
2026-07-27 11:49:01,796 INFO:main.py:623:non_trivial:Updating disulfide bridges.
2026-07-27 11:49:01,797 INFO:main.py:626:non_trivial:Debumping biomolecule.
2026-07-27 11:49:01,834 INFO:main.py:649:non_trivial:Adding hydrogens to biomolecule.
2026-07-27 11:49:01,956 INFO:main.py:652:non_trivial:Debumping biomolecule (again).
2026-07-27 11:49:02,005 WARNING:debump.py:172:debump_biomolecule:WARNING: Unable to debump SER A 95
2026-07-27 11:49:02,006 WARNING:debump.py:172:debump_biomolecule:WARNING: Unable to debump SER A 96
2026-07-27 11:49:02,120 INFO:main.py:654:non_trivial:Optimizing hydrogen bonds
2026-07-27 11:49:02,595 INFO:main.py:666:non_trivial:Applying force field to biomolecule states.
2026-07-27 11:49:02,599 INFO:main.py:713:non_trivial:Regenerating headers.
2026-07-27 11:49:02,600 INFO:main.py:738:non_trivial:Regenerating PDB lines.
2026-07-27 11:49:02,612 WARNING:main.py:311:print_pqr:Ignoring 790 header lines in output.
2026-07-27 11:49:02,612 WARNING:main.py:315:print_pqr:Ignoring 1 missing lines in output.
2026-07-27 11:49:02,627 WARNING:main.py:354:print_pdb:Ignoring 790 header lines in output.
2026-07-27 11:49:02,627 WARNING:main.py:358:print_pdb:Ignoring 1 missing lines in output.
