2026-07-28 10:30:INFO:mdworks.editor:selected residues: {'A': 0, 'B': 0, 'C': 1}
2026-07-28 10:52:INFO:mdworks.editor:selected residues: {'A': 0, 'B': 0, 'C': 1}
2026-07-28 11:02:INFO:mdworks.editor:selected residues: {'A': 0, 'B': 0, 'C': 1}
2026-07-28 11:06:INFO:mdworks.editor:number of selected residues: {'A': 0, 'B': 0, 'C': 1}
2026-07-28 11:06:INFO:mdworks.editor:number of selected atoms: 70
2026-07-28 11:08:INFO:mdworks.editor:number of selected residues: {'A': 0, 'B': 0, 'C': 1}
2026-07-28 11:08:INFO:mdworks.editor:number of selected atoms: 70
2026-07-28 11:08:INFO:mdworks.editor:remove selected
2026-07-28 11:11:INFO:mdworks.editor:number of selected residues: {'A': 0, 'B': 0, 'C': 1}
2026-07-28 11:11:INFO:mdworks.editor:number of selected atoms: 70
2026-07-28 11:11:INFO:mdworks.editor:remove selected
2026-07-28 11:11:INFO:mdworks.editor:wrote to 9S9P-clean_complex_relaxed_apo.cif
2026-07-28 11:13:INFO:mdworks.editor:select residues: {'A': 0, 'B': 0, 'C': 1} (70 atoms)
2026-07-28 11:13:INFO:mdworks.editor:remove selected
2026-07-28 11:13:INFO:mdworks.editor:write to 9S9P-clean_complex_relaxed_apo.cif
2026-07-28 11:16:INFO:mdworks.editor:select residues: {'C': 1} (70 atoms)
2026-07-28 11:16:INFO:mdworks.editor:remove selected
2026-07-28 11:16:INFO:mdworks.editor:write to 9S9P-clean_complex_relaxed_apo.cif
2026-07-28 11:17:INFO:mdworks.editor:select residues: {} (0 atoms)
2026-07-28 11:17:INFO:mdworks.editor:remove selected
2026-07-28 11:17:INFO:mdworks.editor:write to 9S9P-clean_complex_relaxed_apo.cif
2026-07-28 11:17:INFO:mdworks.editor:select residues: {'C': 1} (70 atoms)
2026-07-28 11:17:INFO:mdworks.editor:remove selected
2026-07-28 11:17:INFO:mdworks.editor:write to 9S9P-clean_complex_relaxed_apo.cif
